Command line invocation:
    /Applications/Xcode.app/Contents/Developer/usr/bin/xcodebuild -scheme "Racing Run" -destination "platform=iOS Simulator,name=iPhone 17,OS=26.1" clean build

2025-11-16 12:21:13.257 xcodebuild[94228:83467289] [MT] IDERunDestination: Supported platforms for the buildables in the current scheme is empty.
CreateBuildRequest

SendProjectDescription

CreateBuildOperation

** CLEAN SUCCEEDED **

ComputePackagePrebuildTargetDependencyGraph

Prepare packages

CreateBuildRequest

SendProjectDescription

CreateBuildOperation

ComputeTargetDependencyGraph
note: Building targets in dependency order
note: Target dependency graph (1 target)
    Target 'Racing Run' in project 'Racing Run' (no dependencies)

GatherProvisioningInputs

CreateBuildDescription

ExecuteExternalTool /Applications/Xcode.app/Contents/Developer/Toolchains/XcodeDefault.xctoolchain/usr/bin/clang -v -E -dM -isysroot /Applications/Xcode.app/Contents/Developer/Platforms/iPhoneSimulator.platform/Developer/SDKs/iPhoneSimulator26.1.sdk -x c -c /dev/null

ExecuteExternalTool /Applications/Xcode.app/Contents/Developer/usr/bin/actool --print-asset-tag-combinations --output-format xml1 /Users/nathanfennel/Library/Mobile Documents/com~apple~CloudDocs/Xcode Projects/Racing Run/Racing Run/Assets.xcassets

ExecuteExternalTool /Applications/Xcode.app/Contents/Developer/usr/bin/ibtool --version --output-format xml1

ExecuteExternalTool /Applications/Xcode.app/Contents/Developer/usr/bin/actool --version --output-format xml1

ExecuteExternalTool /Applications/Xcode.app/Contents/Developer/Toolchains/XcodeDefault.xctoolchain/usr/bin/swiftc --version

ExecuteExternalTool /Applications/Xcode.app/Contents/Developer/Toolchains/XcodeDefault.xctoolchain/usr/bin/ld -version_details

Build description signature: f2ebfee710e13de90d8a95ef2bde88e3
Build description path: /Users/nathanfennel/Library/Developer/Xcode/DerivedData/Racing_Run-fnsbkdlwjanaisgdnbbonrjcdhpo/Build/Intermediates.noindex/XCBuildData/f2ebfee710e13de90d8a95ef2bde88e3.xcbuilddata
error: Multiple commands produce '/Users/nathanfennel/Library/Developer/Xcode/DerivedData/Racing_Run-fnsbkdlwjanaisgdnbbonrjcdhpo/Build/Products/Debug-iphonesimulator/Racing Run.app/Info.plist'
    note: Target 'Racing Run' (project 'Racing Run') has copy command from '/Users/nathanfennel/Library/Mobile Documents/com~apple~CloudDocs/Xcode Projects/Racing Run/Racing Run/Info.plist' to '/Users/nathanfennel/Library/Developer/Xcode/DerivedData/Racing_Run-fnsbkdlwjanaisgdnbbonrjcdhpo/Build/Products/Debug-iphonesimulator/Racing Run.app/Info.plist'
    note: Target 'Racing Run' (project 'Racing Run') has process command with output '/Users/nathanfennel/Library/Developer/Xcode/DerivedData/Racing_Run-fnsbkdlwjanaisgdnbbonrjcdhpo/Build/Products/Debug-iphonesimulator/Racing Run.app/Info.plist'
ClangStatCache /Applications/Xcode.app/Contents/Developer/Toolchains/XcodeDefault.xctoolchain/usr/bin/clang-stat-cache /Applications/Xcode.app/Contents/Developer/Platforms/iPhoneSimulator.platform/Developer/SDKs/iPhoneSimulator26.1.sdk /Users/nathanfennel/Library/Developer/Xcode/DerivedData/SDKStatCaches.noindex/iphonesimulator26.1-23B77-90cf18a4295e390e64c810bc6bd7acbc.sdkstatcache
    cd /Users/nathanfennel/Library/Mobile\ Documents/com\~apple\~CloudDocs/Xcode\ Projects/Racing\ Run/Racing\ Run.xcodeproj
    /Applications/Xcode.app/Contents/Developer/Toolchains/XcodeDefault.xctoolchain/usr/bin/clang-stat-cache /Applications/Xcode.app/Contents/Developer/Platforms/iPhoneSimulator.platform/Developer/SDKs/iPhoneSimulator26.1.sdk -o /Users/nathanfennel/Library/Developer/Xcode/DerivedData/SDKStatCaches.noindex/iphonesimulator26.1-23B77-90cf18a4295e390e64c810bc6bd7acbc.sdkstatcache

warning: duplicate output file '/Users/nathanfennel/Library/Developer/Xcode/DerivedData/Racing_Run-fnsbkdlwjanaisgdnbbonrjcdhpo/Build/Products/Debug-iphonesimulator/Racing Run.app/Info.plist' on task: ProcessInfoPlistFile /Users/nathanfennel/Library/Developer/Xcode/DerivedData/Racing_Run-fnsbkdlwjanaisgdnbbonrjcdhpo/Build/Products/Debug-iphonesimulator/Racing Run.app/Info.plist /Users/nathanfennel/Library/Developer/Xcode/DerivedData/Racing_Run-fnsbkdlwjanaisgdnbbonrjcdhpo/Build/Intermediates.noindex/Racing Run.build/Debug-iphonesimulator/Racing Run.build/empty-Racing Run.plist (in target 'Racing Run' from project 'Racing Run')
** BUILD FAILED **


The following build commands failed:
	Building project Racing Run with scheme Racing Run
(1 failure)
